*33*2**23***211
3**3334*3**53*1
*6*21*2134*3*32
**21111 1*2212*
4421221 1221 11
**11**2  1*21  
*4224*2 123*21 
2*11*21 1*22*1 
