*1      
221     
1*1     
111 111 
    2*2 
    3*3 
    2*2 
